// Jest Snapshot v1, https://goo.gl/fbAQLP

exports[`Render FilmCard 1`] = `
<article
  className="small-movie-card catalog__movies-card"
>
  <div
    className="small-movie-card__image"
    onClick={[Function]}
    onMouseEnter={[Function]}
  >
    <img
      alt="Gravity"
      height="175"
      src="img/avatar.jpg"
      width="280"
    />
  </div>
  <h3
    className="small-movie-card__title"
    onClick={[Function]}
  >
    <a
      className="small-movie-card__link"
      href="/films/1"
    >
      Gravity
    </a>
  </h3>
</article>
`;
