// Jest Snapshot v1, https://goo.gl/fbAQLP

exports[`Render FilmsList 1`] = `
<div
  className="catalog__movies-list"
>
  <article
    className="small-movie-card catalog__movies-card"
  >
    <a
      href="/film/1"
      onClick={[Function]}
    >
      <div
        className="small-movie-card__image"
        onMouseEnter={[Function]}
        onMouseLeave={[Function]}
      >
        <video
          muted={true}
          poster="img/avatar.jpg"
          src="https://download.blender.org/durian/trailer/sintel_trailer-480p.mp4"
          style={
            Object {
              "bottom": 0,
              "height": "auto",
              "left": 0,
              "margin": "auto",
              "position": "absolute",
              "right": 0,
              "top": 0,
              "width": "100%",
            }
          }
        />
      </div>
    </a>
    <h3
      className="small-movie-card__title"
    >
      <a
        className="small-movie-card__link"
        href="/film/1"
        onClick={[Function]}
      >
        Look
      </a>
    </h3>
  </article>
</div>
`;
